---
source: tests/files.rs
assertion_line: 21
expression: "format!(\"{}\", res_nothing)"
---
@main {
  ret;
}
@ret_arg(x: int) {
  ret x;
}

